file:///*/test/fixtures/es-module-loaders/syntax-error.mjs:2
await async () => 0;
^^^^^^^^^^^^^

SyntaxError: Malformed arrow function parameter list
    at Loader.moduleStrategy (internal/modules/esm/translators.js:*:*)