file:///*/test/message/esm_display_syntax_error.mjs:4
await async () => 0;
^^^^^

SyntaxError: Unexpected reserved word
    at Loader.moduleStrategy (internal/modules/esm/translators.js:*:*)
    at async link (internal/modules/esm/module_job.js:*:*)
