Trace: foo
    at Object.<anonymous> (*console.js:*:*)
    at *
    at *
    at *
    at *
    at *
    at *
