punycode.js:42
	throw new RangeError(errors[type]);
	^

RangeError: Invalid input
    at error (punycode.js:42:8)
    at Object.decode (punycode.js:*:*)
    at Object.<anonymous> (*test*message*core_line_numbers.js:*:*)
    at Module._compile (internal/modules/cjs/loader.js:*:*)
    at Object.Module._extensions..js (internal/modules/cjs/loader.js:*:*)
    at Module.load (internal/modules/cjs/loader.js:*:*)
    at Function.Module._load (internal/modules/cjs/loader.js:*:*)
    at Function.executeUserEntryPoint [as runMain] (internal/modules/run_main.js:*:*)
    at internal/main/run_main_module.js:*:*
