
*test*message*throw_null_traced.js:*
throw null;
^
null
Thrown at:
    at *throw_null_traced.js:*:*
    at Module._compile (internal/modules/cjs/loader.js:*:*)
    at Module._extensions..js (internal/modules/cjs/loader.js:*:*)
    at Module.load (internal/modules/cjs/loader.js:*:*)
    at Module._load (internal/modules/cjs/loader.js:*:*)
    at executeUserEntryPoint (internal/modules/run_main.js:*:*)
    at internal/main/run_main_module.js:*:*
