(node:*) V8: *v8_warning.js:* Invalid asm.js: Invalid return type
(Use `node --trace-warnings ...` to show where the warning was created)
